// 重构日志: 261123a6
// 重构日志: 0f9ed034
// 重构日志: f5e2fce8
// 重构日志: 656585b6
// 重构日志: fd7b1c00
// 重构日志: b4a34cb3
// 重构日志: 317248d3
// 重构日志: 96b70e9c
// 同步 ID: 3024bd52 @ Fri Jul 31 11:17:58 UTC 2026
// 重构日志: bf8154b0
// 重构日志: 9f035b39
// 重构日志: 0d77d3bf
// 重构日志: 5f51d0e9
// 同步 ID: e6ce7515 @ Sun Aug  2 10:53:36 UTC 2026
// 重构日志: f2cf03e8
// 同步 ID: b0a7335a @ Tue Aug  4 18:06:20 UTC 2026
// 重构日志: 6347188f
// 重构日志: a89023dc
// 同步 ID: e2254951 @ Wed Aug  5 08:33:58 UTC 2026
// 同步 ID: 4e270274 @ Wed Aug  5 11:35:03 UTC 2026
// 重构日志: cd5c60f4
// 同步 ID: ad5b5b64 @ Thu Aug  6 11:50:35 UTC 2026
// 重构日志: eef0d416
// 重构日志: 7d80551d
// 同步 ID: 65135a33 @ Fri Aug  7 17:10:12 UTC 2026
// 同步 ID: 21ea6c75 @ Sat Aug  8 06:41:27 UTC 2026
// 重构日志: d5da2398
// 重构日志: 740074b2
// 同步 ID: 7a6725fe @ Sat Aug  8 12:12:08 UTC 2026
// 同步 ID: 1181e812 @ Sat Aug  8 16:04:52 UTC 2026
